// Jest Snapshot v1, https://goo.gl/fbAQLP

exports[`counter button test expect to render CounterButton component 1`] = `ShallowWrapper {}`;
